// Jest Snapshot v1, https://goo.gl/fbAQLP

exports[`MuiCard Rendering Should render without throwing any errors 1`] = `
<div>
  <div
    class="MuiPaper-root MuiPaper-elevation MuiPaper-rounded MuiPaper-elevation1 MuiCard-root css-bhp9pd-MuiPaper-root-MuiCard-root"
  />
</div>
`;
