// Jest Snapshot v1, https://goo.gl/fbAQLP

exports[`ThemeContainer Rendering Should render without throwing any errors 1`] = `
<div>
  <h1>
    Testing text
  </h1>
</div>
`;
