// Jest Snapshot v1, https://goo.gl/fbAQLP

exports[`Loading Rendering Should render circular loading without throwing any errors 1`] = `
<div>
  <span
    class="MuiCircularProgress-root MuiCircularProgress-indeterminate MuiCircularProgress-colorPrimary css-18lrjg1-MuiCircularProgress-root"
    role="progressbar"
    style="width: 40px; height: 40px;"
  >
    <svg
      class="MuiCircularProgress-svg css-1idz92c-MuiCircularProgress-svg"
      viewBox="22 22 44 44"
    >
      <circle
        class="MuiCircularProgress-circle MuiCircularProgress-circleIndeterminate MuiCircularProgress-circleDisableShrink css-79nvmn-MuiCircularProgress-circle"
        cx="44"
        cy="44"
        fill="none"
        r="20.2"
        stroke-width="3.6"
      />
    </svg>
  </span>
</div>
`;

exports[`Loading Rendering Should render linear loading without throwing any errors 1`] = `
<div>
  <div
    class="MuiContainer-root MuiContainer-maxWidthLg css-lcgnqy-MuiContainer-root"
  >
    <span
      class="MuiLinearProgress-root MuiLinearProgress-colorPrimary MuiLinearProgress-indeterminate css-eglki6-MuiLinearProgress-root"
      role="progressbar"
    >
      <span
        class="MuiLinearProgress-bar MuiLinearProgress-barColorPrimary MuiLinearProgress-bar1Indeterminate css-5ir5xx-MuiLinearProgress-bar1"
      />
      <span
        class="MuiLinearProgress-bar MuiLinearProgress-barColorPrimary MuiLinearProgress-bar2Indeterminate css-1r8wrcl-MuiLinearProgress-bar2"
      />
    </span>
  </div>
</div>
`;
