// Jest Snapshot v1, https://goo.gl/fbAQLP

exports[`Page template rendering Should render without throwing any errors 1`] = `
<div>
  <div
    class="MuiBox-root css-0"
  >
    <h1>
      Testing text
    </h1>
  </div>
</div>
`;
